// Jest Snapshot v1, https://goo.gl/fbAQLP

exports[`Pruebas para el componente <TodoApp /> debe mostrarse correctamente 1`] = `
Array [
  <h3>
    Add Todo
  </h3>,
  <form
    onSubmit={[Function]}
  >
    <div
      className="mb-3"
    >
      <label
        className="form-label"
        htmlFor="description"
      >
        Description
      </label>
      <input
        autoComplete="off"
        autoFocus={true}
        className="form-control"
        name="description"
        onChange={[Function]}
        placeholder="Description"
        type="text"
        value=""
      />
    </div>
    <div
      className="d-grid gap-2"
    >
      <button
        className="btn btn-primary d-block"
        type="submit"
      >
        Add
      </button>
    </div>
  </form>,
]
`;
